name: actual_base_dart
version: 3.16.26
description: Autogenerated by the frugal compiler
environment:
  sdk: '>=2.12.0 <3.0.0'
dependencies:
  collection: ^1.15.0
  frugal:
    hosted:
      name: frugal
      url: https://pub.workiva.org
    version: ^3.16.26
  logging: ^1.0.0
  thrift:
    hosted:
      name: thrift
      url: https://pub.workiva.org
    version: ^0.0.15
  w_common: ^3.0.0
